// Jest Snapshot v1, https://goo.gl/fbAQLP

exports[`Component.Gravatar Should hash email and request image from Gravatar 1`] = `
<img
  alt=""
  src="https://www.gravatar.com/avatar/a3aacee57e15dff19b19ae7bec1ff4b2"
/>
`;

exports[`Component.Gravatar should accept alt and className 1`] = `
<img
  alt="Profile picture"
  className="profile-image"
  src="https://www.gravatar.com/avatar/676d90a1574e9d3ebf98dd36f7adad60"
/>
`;
